/Users/guruprasadparasnis/Library/Python/3.9/lib/python/site-packages/urllib3/__init__.py:35: NotOpenSSLWarning: urllib3 v2 only supports OpenSSL 1.1.1+, currently the 'ssl' module is compiled with 'LibreSSL 2.8.3'. See: https://github.com/urllib3/urllib3/issues/3020
  warnings.warn(

A module that was compiled using NumPy 1.x cannot be run in
NumPy 2.0.2 as it may crash. To support both 1.x and 2.x
versions of NumPy, modules must be compiled with NumPy 2.0.
Some module may need to rebuild instead e.g. with 'pybind11>=2.12'.

If you are a user of the module, the easiest solution will be to
downgrade to 'numpy<2' or try to upgrade the affected module.
We expect that some modules will need time to support NumPy 2.

Traceback (most recent call last):  File "/Users/guruprasadparasnis/pspe/eval/run_exchangeability.py", line 51, in <module>
    from pspe.envs import make_env  # noqa: E402
  File "/Users/guruprasadparasnis/pspe/pspe/envs/__init__.py", line 2, in <module>
    from .pde_env import BatchedFieldEnv, PDEControlEnv, make_env
  File "/Users/guruprasadparasnis/pspe/pspe/envs/pde_env.py", line 28, in <module>
    from ..simulate.solvers import PDETestbed, make_testbed
  File "/Users/guruprasadparasnis/pspe/pspe/simulate/__init__.py", line 37, in <module>
    from .trainer import SimulateTrainConfig, SimulateTrainer, load_surrogate
  File "/Users/guruprasadparasnis/pspe/pspe/simulate/trainer.py", line 18, in <module>
    from ..utils.common import count_parameters, peak_memory_mb, timer
  File "/Users/guruprasadparasnis/pspe/pspe/utils/__init__.py", line 11, in <module>
    from .logging import RunLogger
  File "/Users/guruprasadparasnis/pspe/pspe/utils/logging.py", line 14, in <module>
    from torch.utils.tensorboard import SummaryWriter
  File "/Users/guruprasadparasnis/Library/Python/3.9/lib/python/site-packages/torch/utils/tensorboard/__init__.py", line 12, in <module>
    from .writer import FileWriter, SummaryWriter  # noqa: F401
  File "/Users/guruprasadparasnis/Library/Python/3.9/lib/python/site-packages/torch/utils/tensorboard/writer.py", line 19, in <module>
    from ._embedding import get_embedding_info, make_mat, make_sprite, make_tsv, write_pbtxt
  File "/Users/guruprasadparasnis/Library/Python/3.9/lib/python/site-packages/torch/utils/tensorboard/_embedding.py", line 10, in <module>
    _HAS_GFILE_JOIN = hasattr(tf.io.gfile, "join")
  File "/Users/guruprasadparasnis/Library/Python/3.9/lib/python/site-packages/tensorboard/lazy.py", line 65, in __getattr__
    return getattr(load_once(self), attr_name)
  File "/Users/guruprasadparasnis/Library/Python/3.9/lib/python/site-packages/tensorboard/lazy.py", line 97, in wrapper
    cache[arg] = f(arg)
  File "/Users/guruprasadparasnis/Library/Python/3.9/lib/python/site-packages/tensorboard/lazy.py", line 50, in load_once
    module = load_fn()
  File "/Users/guruprasadparasnis/Library/Python/3.9/lib/python/site-packages/tensorboard/compat/__init__.py", line 45, in tf
    import tensorflow
  File "/Users/guruprasadparasnis/Library/Python/3.9/lib/python/site-packages/tensorflow/__init__.py", line 467, in <module>
    importlib.import_module("keras.src.optimizers")
  File "/Library/Developer/CommandLineTools/Library/Frameworks/Python3.framework/Versions/3.9/lib/python3.9/importlib/__init__.py", line 127, in import_module
    return _bootstrap._gcd_import(name[level:], package, level)
  File "/Users/guruprasadparasnis/Library/Python/3.9/lib/python/site-packages/keras/__init__.py", line 4, in <module>
    from keras.api import DTypePolicy
  File "/Users/guruprasadparasnis/Library/Python/3.9/lib/python/site-packages/keras/api/__init__.py", line 8, in <module>
    from keras.api import activations
  File "/Users/guruprasadparasnis/Library/Python/3.9/lib/python/site-packages/keras/api/activations/__init__.py", line 7, in <module>
    from keras.src.activations import deserialize
  File "/Users/guruprasadparasnis/Library/Python/3.9/lib/python/site-packages/keras/src/__init__.py", line 1, in <module>
    from keras.src import activations
  File "/Users/guruprasadparasnis/Library/Python/3.9/lib/python/site-packages/keras/src/activations/__init__.py", line 22, in <module>
    from keras.src.saving import object_registration
  File "/Users/guruprasadparasnis/Library/Python/3.9/lib/python/site-packages/keras/src/saving/__init__.py", line 7, in <module>
    from keras.src.saving.saving_api import load_model
  File "/Users/guruprasadparasnis/Library/Python/3.9/lib/python/site-packages/keras/src/saving/saving_api.py", line 7, in <module>
    from keras.src.legacy.saving import legacy_h5_format
  File "/Users/guruprasadparasnis/Library/Python/3.9/lib/python/site-packages/keras/src/legacy/saving/legacy_h5_format.py", line 13, in <module>
    from keras.src.legacy.saving import saving_utils
  File "/Users/guruprasadparasnis/Library/Python/3.9/lib/python/site-packages/keras/src/legacy/saving/saving_utils.py", line 10, in <module>
    from keras.src import models
  File "/Users/guruprasadparasnis/Library/Python/3.9/lib/python/site-packages/keras/src/models/__init__.py", line 1, in <module>
    from keras.src.models.functional import Functional
  File "/Users/guruprasadparasnis/Library/Python/3.9/lib/python/site-packages/keras/src/models/functional.py", line 16, in <module>
    from keras.src.models.model import Model
  File "/Users/guruprasadparasnis/Library/Python/3.9/lib/python/site-packages/keras/src/models/model.py", line 12, in <module>
    from keras.src.trainers import trainer as base_trainer
  File "/Users/guruprasadparasnis/Library/Python/3.9/lib/python/site-packages/keras/src/trainers/trainer.py", line 14, in <module>
    from keras.src.trainers.data_adapters import data_adapter_utils
  File "/Users/guruprasadparasnis/Library/Python/3.9/lib/python/site-packages/keras/src/trainers/data_adapters/__init__.py", line 4, in <module>
    from keras.src.trainers.data_adapters import array_data_adapter
  File "/Users/guruprasadparasnis/Library/Python/3.9/lib/python/site-packages/keras/src/trainers/data_adapters/array_data_adapter.py", line 7, in <module>
    from keras.src.trainers.data_adapters import array_slicing
  File "/Users/guruprasadparasnis/Library/Python/3.9/lib/python/site-packages/keras/src/trainers/data_adapters/array_slicing.py", line 11, in <module>
    import pandas
  File "/Users/guruprasadparasnis/Library/Python/3.9/lib/python/site-packages/pandas/__init__.py", line 49, in <module>
    from pandas.core.api import (
  File "/Users/guruprasadparasnis/Library/Python/3.9/lib/python/site-packages/pandas/core/api.py", line 28, in <module>
    from pandas.core.arrays import Categorical
  File "/Users/guruprasadparasnis/Library/Python/3.9/lib/python/site-packages/pandas/core/arrays/__init__.py", line 1, in <module>
    from pandas.core.arrays.arrow import ArrowExtensionArray
  File "/Users/guruprasadparasnis/Library/Python/3.9/lib/python/site-packages/pandas/core/arrays/arrow/__init__.py", line 5, in <module>
    from pandas.core.arrays.arrow.array import ArrowExtensionArray
  File "/Users/guruprasadparasnis/Library/Python/3.9/lib/python/site-packages/pandas/core/arrays/arrow/array.py", line 50, in <module>
    from pandas.core import (
  File "/Users/guruprasadparasnis/Library/Python/3.9/lib/python/site-packages/pandas/core/ops/__init__.py", line 8, in <module>
    from pandas.core.ops.array_ops import (
  File "/Users/guruprasadparasnis/Library/Python/3.9/lib/python/site-packages/pandas/core/ops/array_ops.py", line 56, in <module>
    from pandas.core.computation import expressions
  File "/Users/guruprasadparasnis/Library/Python/3.9/lib/python/site-packages/pandas/core/computation/expressions.py", line 21, in <module>
    from pandas.core.computation.check import NUMEXPR_INSTALLED
  File "/Users/guruprasadparasnis/Library/Python/3.9/lib/python/site-packages/pandas/core/computation/check.py", line 5, in <module>
    ne = import_optional_dependency("numexpr", errors="warn")
  File "/Users/guruprasadparasnis/Library/Python/3.9/lib/python/site-packages/pandas/compat/_optional.py", line 135, in import_optional_dependency
    module = importlib.import_module(name)
  File "/Library/Developer/CommandLineTools/Library/Frameworks/Python3.framework/Versions/3.9/lib/python3.9/importlib/__init__.py", line 127, in import_module
    return _bootstrap._gcd_import(name[level:], package, level)
  File "/Users/guruprasadparasnis/Library/Python/3.9/lib/python/site-packages/numexpr/__init__.py", line 24, in <module>
    from numexpr.interpreter import MAX_THREADS, use_vml, __BLOCK_SIZE1__
Traceback (most recent call last):
  File "/Users/guruprasadparasnis/Library/Python/3.9/lib/python/site-packages/tensorboard/compat/__init__.py", line 42, in tf
    from tensorboard.compat import notf  # noqa: F401
ImportError: cannot import name 'notf' from 'tensorboard.compat' (/Users/guruprasadparasnis/Library/Python/3.9/lib/python/site-packages/tensorboard/compat/__init__.py)

During handling of the above exception, another exception occurred:

AttributeError: _ARRAY_API not found
